// Jest Snapshot v1, https://goo.gl/fbAQLP

exports[`<ServiceItem /> should work 1`] = `
<div>
  <li
    class="MuiButtonBase-root MuiListItem-root css-1ls6ttt MuiListItem-gutters MuiListItem-padding MuiListItem-button null  css-18azhdn-MuiButtonBase-root-MuiListItem-root"
    role="link"
    tabindex="0"
  >
    <div
      aria-hidden="true"
      class="MuiListItemIcon-root css-1wnb45k-MuiListItemIcon-root"
      link="0"
    >
      <img
        alt=""
        aria-hidden="true"
        class="css-15p9n5u"
        src="test-file-stub"
        style=""
      />
    </div>
    <div
      class="MuiListItemText-root css-xzi2h1 css-vt7cuc-MuiListItemText-root"
    >
      <span
        class="MuiTypography-root MuiTypography-body1 MuiListItemText-primary css-10wsksd-MuiTypography-root"
      >
        <p
          class="MuiTypography-root null  MuiTypography-body2 css-q91igz-MuiTypography-root"
        >
          Yleiset kirjastot
        </p>
        <p
          class="MuiTypography-root MuiTypography-body2 css-1ak20dk-MuiTypography-root"
          style="border: 0px; height: 1px; margin: -1px; overflow: hidden; padding: 0px; position: absolute; white-space: nowrap; width: 1px;"
        />
      </span>
    </div>
  </li>
  <li
    aria-hidden="true"
  >
    <hr
      class="MuiDivider-root MuiDivider-fullWidth css-1tvkns7-MuiDivider-root"
    />
  </li>
</div>
`;
