// Jest Snapshot v1, https://goo.gl/fbAQLP

exports[`<ServiceItem /> should work 1`] = `
<div>
  <li
    class="MuiListItem-root SimpleListItem-listItem-2 MuiListItem-gutters MuiListItem-padding null  css-sn7obt-MuiListItem-root"
    tabindex="-1"
  >
    <div
      aria-hidden="true"
      class="MuiListItemIcon-root SimpleListItem-listIcon-6  css-cveggr-MuiListItemIcon-root"
    >
      <img
        alt=""
        aria-hidden="true"
        class="Connect(ServiceItem)-icon-1"
        src="test-file-stub"
        style=""
      />
    </div>
    <div
      class="MuiListItemText-root SimpleListItem-textContainer-3 css-vt7cuc-MuiListItemText-root"
    >
      <p
        class="MuiTypography-root null  MuiTypography-body2 css-q91igz-MuiTypography-root"
      >
        <p
          class="MuiTypography-root MuiTypography-body2 css-1ak20dk-MuiTypography-root"
          style="border: 0px; height: 1px; margin: -1px; overflow: hidden; padding: 0px; position: absolute; white-space: nowrap; width: 1px;"
        />
        Yleiset kirjastot
      </p>
    </div>
  </li>
  <li
    aria-hidden="true"
  >
    <hr
      class="MuiDivider-root MuiDivider-fullWidth SimpleListItem-divider-7 css-9mgopn-MuiDivider-root"
    />
  </li>
</div>
`;
