// Jest Snapshot v1, https://goo.gl/fbAQLP

exports[`<SMLogo /> should work 1`] = `
<div>
  <button
    aria-current="page"
    aria-label="Servicemap - Go to home page"
    class="MuiButtonBase-root css-1walttk-MuiButtonBase-root"
    role="link"
    tabindex="0"
    type="button"
  >
    <div
      aria-hidden="true"
      class="css-1loc9t1"
      mobile="0"
      role="img"
    >
      <img
        alt=""
        class="css-o3ihhy"
        src="test-file-stub"
      />
    </div>
  </button>
</div>
`;
