// Jest Snapshot v1, https://goo.gl/fbAQLP

exports[`<AddressItem /> should work 1`] = `
<div>
  <li
    class="MuiButtonBase-root MuiListItemButton-root css-1ls6ttt MuiListItemButton-gutters MuiListItemButton-root css-1ls6ttt MuiListItemButton-gutters null css-367pw5-MuiButtonBase-root-MuiListItemButton-root"
    role="link"
    tabindex="0"
  >
    <div
      aria-hidden="true"
      class="MuiListItemIcon-root css-1pq8het-MuiListItemIcon-root"
      link="0"
    >
      <span
        aria-hidden="true"
        class="icon-icon-address css-10njuoz"
      />
    </div>
    <div
      class="MuiListItemText-root css-ev3js9 css-74xvdj-MuiListItemText-root"
    >
      <span
        class="MuiTypography-root MuiTypography-body1 MuiListItemText-primary css-19blz1o-MuiTypography-root"
      >
        <p
          class="MuiTypography-root null MuiTypography-body2 css-qhuq40-MuiTypography-root"
        />
        <p
          class="MuiTypography-root MuiTypography-body2 css-5rfmx0-MuiTypography-root"
          style="border: 0px; height: 1px; margin: -1px; overflow: hidden; padding: 0px; position: absolute; white-space: nowrap; width: 1px;"
        />
      </span>
    </div>
  </li>
  <li
    aria-hidden="true"
  >
    <hr
      class="MuiDivider-root MuiDivider-fullWidth css-228qc1-MuiDivider-root"
    />
  </li>
</div>
`;
