// Jest Snapshot v1, https://goo.gl/fbAQLP

exports[`<AddressItem /> should work 1`] = `
<div>
  <li
    class="MuiButtonBase-root MuiListItem-root css-1ls6ttt MuiListItem-gutters MuiListItem-padding MuiListItem-button null  css-1sbwixc"
    role="link"
    tabindex="0"
  >
    <div
      aria-hidden="true"
      class="MuiListItemIcon-root css-arhvvl"
      link="0"
    >
      <span
        aria-hidden="true"
        class="icon-icon-address css-10njuoz"
      />
    </div>
    <div
      class="MuiListItemText-root css-xzi2h1 css-xdiy5h"
    >
      <span
        class="MuiTypography-root MuiTypography-body1 MuiListItemText-primary css-ccjdaq"
      >
        <p
          class="MuiTypography-root null  MuiTypography-body2 css-wy7jtz"
        />
        <p
          class="MuiTypography-root MuiTypography-body2 css-unb6aa"
          style="border: 0px; height: 1px; margin: -1px; overflow: hidden; padding: 0px; position: absolute; white-space: nowrap; width: 1px;"
        />
      </span>
    </div>
  </li>
  <li
    aria-hidden="true"
  >
    <hr
      class="MuiDivider-root MuiDivider-fullWidth css-rqgsqf"
    />
  </li>
</div>
`;
