// Jest Snapshot v1, https://goo.gl/fbAQLP

exports[`<SMRadio /> should work 1`] = `
<WithStyles(ForwardRef(FormControl))
  component="fieldset"
>
  <ForwardRef(RadioGroup)
    aria-label="Aria label text"
    name="service"
    onChange={[Function]}
    value="none"
  >
    <WithStyles(ForwardRef(FormControlLabel))
      control={<ForwardRef(WithStyles) />}
      disabled={false}
      key="none"
      label="label none"
      value="none"
    />
    <WithStyles(ForwardRef(FormControlLabel))
      control={<ForwardRef(WithStyles) />}
      disabled={false}
      key="common"
      label="label common"
      value="common"
    />
    <WithStyles(ForwardRef(FormControlLabel))
      control={<ForwardRef(WithStyles) />}
      disabled={false}
      key="all"
      label="label all"
      value="all"
    />
  </ForwardRef(RadioGroup)>
</WithStyles(ForwardRef(FormControl))>
`;
