// Vitest Snapshot v1, https://vitest.dev/guide/snapshot.html

exports[`<PageElement /> > should work 1`] = `
<div>
  <li>
    <button
      class="MuiButtonBase-root css-9fh4tn-MuiButtonBase-root"
      role="link"
      tabindex="0"
      type="button"
    >
      <p
        class="MuiTypography-root MuiTypography-subtitle1 css-1quhnnk-MuiTypography-root"
      >
        <span
          aria-hidden="true"
        >
          2
        </span>
      </p>
      <p
        class="MuiTypography-root MuiTypography-body2 css-5rfmx0-MuiTypography-root"
        style="border: 0px; clip: rect(0px); height: 1px; margin: -1px; overflow: hidden; padding: 0px; position: absolute; white-space: nowrap; width: 1px;"
      >
        Open page 2
      </p>
    </button>
  </li>
</div>
`;
