// Jest Snapshot v1, https://goo.gl/fbAQLP

exports[`<PageElement /> should work 1`] = `
<injectIntl(WithStyles(PageElement))
  isActive={false}
  number={2}
  onClick={[MockFunction]}
>
  <WithStyles(PageElement)
    intl={
      Object {
        "defaultFormats": Object {},
        "defaultLocale": "en",
        "formatDate": [Function],
        "formatDateToParts": [Function],
        "formatDisplayName": [Function],
        "formatList": [Function],
        "formatMessage": [Function],
        "formatNumber": [Function],
        "formatNumberToParts": [Function],
        "formatPlural": [Function],
        "formatRelativeTime": [Function],
        "formatTime": [Function],
        "formatTimeToParts": [Function],
        "formats": Object {},
        "formatters": Object {
          "getDateTimeFormat": [Function],
          "getDisplayNames": [Function],
          "getListFormat": [Function],
          "getMessageFormat": [Function],
          "getNumberFormat": [Function],
          "getPluralRules": [Function],
          "getRelativeTimeFormat": [Function],
        },
        "locale": "en",
        "messages": Object {
          "general.pagination.currentlyOpenedPage": "Sivu {count}, avattu",
          "general.pagination.openPage": "Open page {count}",
        },
        "onError": [Function],
        "textComponent": Symbol(react.fragment),
        "timeZone": undefined,
      }
    }
    isActive={false}
    number={2}
    onClick={[MockFunction]}
  >
    <PageElement
      className=""
      classes={
        Object {
          "arrowFlip": "PageElement-arrowFlip-2",
          "arrowIcon": "PageElement-arrowIcon-1",
          "borderBlack": "PageElement-borderBlack-3",
          "button": "PageElement-button-4",
          "buttonContainer": "PageElement-buttonContainer-5",
          "list": "PageElement-list-6",
          "listContainer": "PageElement-listContainer-7",
          "pageElement": "PageElement-pageElement-8",
          "pageElementActive": "PageElement-pageElementActive-9",
          "pageItem": "PageElement-pageItem-10",
        }
      }
      intl={
        Object {
          "defaultFormats": Object {},
          "defaultLocale": "en",
          "formatDate": [Function],
          "formatDateToParts": [Function],
          "formatDisplayName": [Function],
          "formatList": [Function],
          "formatMessage": [Function],
          "formatNumber": [Function],
          "formatNumberToParts": [Function],
          "formatPlural": [Function],
          "formatRelativeTime": [Function],
          "formatTime": [Function],
          "formatTimeToParts": [Function],
          "formats": Object {},
          "formatters": Object {
            "getDateTimeFormat": [Function],
            "getDisplayNames": [Function],
            "getListFormat": [Function],
            "getMessageFormat": [Function],
            "getNumberFormat": [Function],
            "getPluralRules": [Function],
            "getRelativeTimeFormat": [Function],
          },
          "locale": "en",
          "messages": Object {
            "general.pagination.currentlyOpenedPage": "Sivu {count}, avattu",
            "general.pagination.openPage": "Open page {count}",
          },
          "onError": [Function],
          "textComponent": Symbol(react.fragment),
          "timeZone": undefined,
        }
      }
      isActive={false}
      number={2}
      onClick={[MockFunction]}
    >
      <li>
        <WithStyles(ButtonBase)
          disabled={false}
          onClick={[MockFunction]}
          onKeyDown={[Function]}
          role="link"
          tabIndex="0"
        >
          <ButtonBase
            centerRipple={false}
            classes={
              Object {
                "disabled": "MuiButtonBase-disabled-12",
                "focusVisible": "MuiButtonBase-focusVisible-13",
                "root": "MuiButtonBase-root-11",
              }
            }
            component="button"
            disableRipple={true}
            disableTouchRipple={false}
            disabled={false}
            focusRipple={false}
            onClick={[MockFunction]}
            onKeyDown={[Function]}
            role="link"
            tabIndex="0"
            type="button"
          >
            <button
              className="MuiButtonBase-root-11"
              disabled={false}
              onBlur={[Function]}
              onClick={[MockFunction]}
              onContextMenu={[Function]}
              onFocus={[Function]}
              onKeyDown={[Function]}
              onKeyUp={[Function]}
              onMouseDown={[Function]}
              onMouseLeave={[Function]}
              onMouseUp={[Function]}
              onTouchEnd={[Function]}
              onTouchMove={[Function]}
              onTouchStart={[Function]}
              role="link"
              tabIndex="0"
              type="button"
            >
              <WithStyles(Typography)
                className=" PageElement-pageItem-10 PageElement-pageElement-8"
                component="p"
                variant="subtitle1"
              >
                <Typography
                  align="inherit"
                  className=" PageElement-pageItem-10 PageElement-pageElement-8"
                  classes={
                    Object {
                      "alignCenter": "MuiTypography-alignCenter-37",
                      "alignJustify": "MuiTypography-alignJustify-39",
                      "alignLeft": "MuiTypography-alignLeft-36",
                      "alignRight": "MuiTypography-alignRight-38",
                      "body1": "MuiTypography-body1-23",
                      "body2": "MuiTypography-body2-22",
                      "button": "MuiTypography-button-25",
                      "caption": "MuiTypography-caption-24",
                      "colorError": "MuiTypography-colorError-48",
                      "colorInherit": "MuiTypography-colorInherit-43",
                      "colorPrimary": "MuiTypography-colorPrimary-44",
                      "colorSecondary": "MuiTypography-colorSecondary-45",
                      "colorTextPrimary": "MuiTypography-colorTextPrimary-46",
                      "colorTextSecondary": "MuiTypography-colorTextSecondary-47",
                      "display1": "MuiTypography-display1-18",
                      "display2": "MuiTypography-display2-17",
                      "display3": "MuiTypography-display3-16",
                      "display4": "MuiTypography-display4-15",
                      "gutterBottom": "MuiTypography-gutterBottom-41",
                      "h1": "MuiTypography-h1-26",
                      "h2": "MuiTypography-h2-27",
                      "h3": "MuiTypography-h3-28",
                      "h4": "MuiTypography-h4-29",
                      "h5": "MuiTypography-h5-30",
                      "h6": "MuiTypography-h6-31",
                      "headline": "MuiTypography-headline-19",
                      "inline": "MuiTypography-inline-49",
                      "noWrap": "MuiTypography-noWrap-40",
                      "overline": "MuiTypography-overline-34",
                      "paragraph": "MuiTypography-paragraph-42",
                      "root": "MuiTypography-root-14",
                      "srOnly": "MuiTypography-srOnly-35",
                      "subheading": "MuiTypography-subheading-21",
                      "subtitle1": "MuiTypography-subtitle1-32",
                      "subtitle2": "MuiTypography-subtitle2-33",
                      "title": "MuiTypography-title-20",
                    }
                  }
                  color="default"
                  component="p"
                  gutterBottom={false}
                  headlineMapping={
                    Object {
                      "body1": "p",
                      "body2": "p",
                      "display1": "h1",
                      "display2": "h1",
                      "display3": "h1",
                      "display4": "h1",
                      "h1": "h1",
                      "h2": "h2",
                      "h3": "h3",
                      "h4": "h4",
                      "h5": "h5",
                      "h6": "h6",
                      "headline": "h1",
                      "subheading": "h3",
                      "subtitle1": "h6",
                      "subtitle2": "h6",
                      "title": "h2",
                    }
                  }
                  inline={false}
                  noWrap={false}
                  paragraph={false}
                  theme={
                    Object {
                      "breakpoints": Object {
                        "between": [Function],
                        "down": [Function],
                        "keys": Array [
                          "xs",
                          "sm",
                          "md",
                          "lg",
                          "xl",
                        ],
                        "only": [Function],
                        "up": [Function],
                        "values": Object {
                          "lg": 1280,
                          "md": 900,
                          "sm": 700,
                          "xl": 1920,
                          "xs": 0,
                        },
                        "width": [Function],
                      },
                      "custom": Object {
                        "body2light": Object {
                          "color": "rgba(0,0,0,0.7)",
                        },
                      },
                      "direction": "ltr",
                      "mixins": Object {
                        "gutters": [Function],
                        "toolbar": Object {
                          "@media (min-width:0px) and (orientation: landscape)": Object {
                            "minHeight": 48,
                          },
                          "@media (min-width:700px)": Object {
                            "minHeight": 64,
                          },
                          "minHeight": 56,
                        },
                      },
                      "overrides": Object {
                        "MuiButtonBase": Object {
                          "focusVisible": Object {
                            "boxShadow": "0 0 0 2px rgb(255, 255, 255), 0 0 0 6px rgb(71, 131, 235), 0 0 0 8px rgb(255, 255, 255)",
                            "outline": "2px solid transparent",
                          },
                        },
                        "MuiInputBase": Object {
                          "root": Object {
                            "&$focused": Object {
                              "boxShadow": "0 0 0 2px rgb(255, 255, 255), 0 0 0 6px rgb(71, 131, 235), 0 0 0 8px rgb(255, 255, 255)",
                              "outline": "2px solid transparent",
                            },
                          },
                        },
                      },
                      "palette": Object {
                        "action": Object {
                          "active": "rgba(0, 0, 0, 0.54)",
                          "disabled": "rgba(0, 0, 0, 0.26)",
                          "disabledBackground": "rgba(0, 0, 0, 0.12)",
                          "hover": "rgba(0, 0, 0, 0.08)",
                          "hoverOpacity": 0.08,
                          "selected": "rgba(0, 0, 0, 0.14)",
                        },
                        "augmentColor": [Function],
                        "background": Object {
                          "default": "#fafafa",
                          "front": "linear-gradient(340.58deg, rgb(11, 123, 237) 0%, rgb(20, 108, 232) 67.04%, rgb(25, 100, 230) 100%)",
                          "main": "linear-gradient(340.58deg, rgb(11, 123, 237) 0%, rgb(20, 108, 232) 67.04%, rgb(25, 100, 230) 100%)",
                          "paper": "#fff",
                          "plain": "rgb(20, 108, 232)",
                        },
                        "common": Object {
                          "black": "#000",
                          "white": "#fff",
                        },
                        "contrastThreshold": 3,
                        "detail": Object {
                          "alpha": "rgba(25,100,230,0.5)",
                          "main": "rgb(25, 100, 230)",
                        },
                        "disabled": Object {
                          "main": "rgb(239, 239, 239)",
                          "strong": "#898989",
                        },
                        "divider": "rgba(0, 0, 0, 0.12)",
                        "error": Object {
                          "contrastText": "#fff",
                          "dark": "#d32f2f",
                          "light": "#e57373",
                          "main": "#f44336",
                        },
                        "focusBorder": "rgb(71, 131, 235)",
                        "getContrastText": [Function],
                        "grey": Object {
                          "100": "#f5f5f5",
                          "200": "#eeeeee",
                          "300": "#e0e0e0",
                          "400": "#bdbdbd",
                          "50": "#fafafa",
                          "500": "#9e9e9e",
                          "600": "#757575",
                          "700": "#616161",
                          "800": "#424242",
                          "900": "#212121",
                          "A100": "#d5d5d5",
                          "A200": "#aaaaaa",
                          "A400": "#303030",
                          "A700": "#616161",
                        },
                        "primary": Object {
                          "contrastText": "#fff",
                          "dark": "rgb(17, 70, 161)",
                          "highContrast": "#fff",
                          "light": "rgb(71, 131, 235)",
                          "main": "rgb(25, 100, 230)",
                        },
                        "secondary": Object {
                          "contrastText": "#fff",
                          "dark": "rgb(30, 32, 39)",
                          "hover": "#1d39ad",
                          "light": "rgb(85, 88, 96)",
                          "main": "rgb(43, 47, 57)",
                        },
                        "text": Object {
                          "disabled": "rgba(0, 0, 0, 0.38)",
                          "hint": "rgba(0, 0, 0, 0.38)",
                          "primary": "rgba(0, 0, 0, 0.87)",
                          "secondary": "rgba(0, 0, 0, 0.54)",
                        },
                        "tonalOffset": 0.2,
                        "type": "light",
                        "warning": "#AF0021",
                        "white": Object {
                          "contrastText": "#000",
                          "dark": "#949494",
                          "light": "#f2f2f2",
                          "main": "#FFFFFF",
                        },
                      },
                      "props": Object {
                        "MuiButton": Object {
                          "disableFocusRipple": true,
                          "disableRipple": true,
                        },
                        "MuiButtonBase": Object {
                          "disableRipple": true,
                        },
                      },
                      "shadows": Array [
                        "none",
                        "0px 1px 3px 0px rgba(0,0,0,0.2),0px 1px 1px 0px rgba(0,0,0,0.14),0px 2px 1px -1px rgba(0,0,0,0.12)",
                        "0px 1px 5px 0px rgba(0,0,0,0.2),0px 2px 2px 0px rgba(0,0,0,0.14),0px 3px 1px -2px rgba(0,0,0,0.12)",
                        "0px 1px 8px 0px rgba(0,0,0,0.2),0px 3px 4px 0px rgba(0,0,0,0.14),0px 3px 3px -2px rgba(0,0,0,0.12)",
                        "0px 2px 4px -1px rgba(0,0,0,0.2),0px 4px 5px 0px rgba(0,0,0,0.14),0px 1px 10px 0px rgba(0,0,0,0.12)",
                        "0px 3px 5px -1px rgba(0,0,0,0.2),0px 5px 8px 0px rgba(0,0,0,0.14),0px 1px 14px 0px rgba(0,0,0,0.12)",
                        "0px 3px 5px -1px rgba(0,0,0,0.2),0px 6px 10px 0px rgba(0,0,0,0.14),0px 1px 18px 0px rgba(0,0,0,0.12)",
                        "0px 4px 5px -2px rgba(0,0,0,0.2),0px 7px 10px 1px rgba(0,0,0,0.14),0px 2px 16px 1px rgba(0,0,0,0.12)",
                        "0px 5px 5px -3px rgba(0,0,0,0.2),0px 8px 10px 1px rgba(0,0,0,0.14),0px 3px 14px 2px rgba(0,0,0,0.12)",
                        "0px 5px 6px -3px rgba(0,0,0,0.2),0px 9px 12px 1px rgba(0,0,0,0.14),0px 3px 16px 2px rgba(0,0,0,0.12)",
                        "0px 6px 6px -3px rgba(0,0,0,0.2),0px 10px 14px 1px rgba(0,0,0,0.14),0px 4px 18px 3px rgba(0,0,0,0.12)",
                        "0px 6px 7px -4px rgba(0,0,0,0.2),0px 11px 15px 1px rgba(0,0,0,0.14),0px 4px 20px 3px rgba(0,0,0,0.12)",
                        "0px 7px 8px -4px rgba(0,0,0,0.2),0px 12px 17px 2px rgba(0,0,0,0.14),0px 5px 22px 4px rgba(0,0,0,0.12)",
                        "0px 7px 8px -4px rgba(0,0,0,0.2),0px 13px 19px 2px rgba(0,0,0,0.14),0px 5px 24px 4px rgba(0,0,0,0.12)",
                        "0px 7px 9px -4px rgba(0,0,0,0.2),0px 14px 21px 2px rgba(0,0,0,0.14),0px 5px 26px 4px rgba(0,0,0,0.12)",
                        "0px 8px 9px -5px rgba(0,0,0,0.2),0px 15px 22px 2px rgba(0,0,0,0.14),0px 6px 28px 5px rgba(0,0,0,0.12)",
                        "0px 8px 10px -5px rgba(0,0,0,0.2),0px 16px 24px 2px rgba(0,0,0,0.14),0px 6px 30px 5px rgba(0,0,0,0.12)",
                        "0px 8px 11px -5px rgba(0,0,0,0.2),0px 17px 26px 2px rgba(0,0,0,0.14),0px 6px 32px 5px rgba(0,0,0,0.12)",
                        "0px 9px 11px -5px rgba(0,0,0,0.2),0px 18px 28px 2px rgba(0,0,0,0.14),0px 7px 34px 6px rgba(0,0,0,0.12)",
                        "0px 9px 12px -6px rgba(0,0,0,0.2),0px 19px 29px 2px rgba(0,0,0,0.14),0px 7px 36px 6px rgba(0,0,0,0.12)",
                        "0px 10px 13px -6px rgba(0,0,0,0.2),0px 20px 31px 3px rgba(0,0,0,0.14),0px 8px 38px 7px rgba(0,0,0,0.12)",
                        "0px 10px 13px -6px rgba(0,0,0,0.2),0px 21px 33px 3px rgba(0,0,0,0.14),0px 8px 40px 7px rgba(0,0,0,0.12)",
                        "0px 10px 14px -6px rgba(0,0,0,0.2),0px 22px 35px 3px rgba(0,0,0,0.14),0px 8px 42px 7px rgba(0,0,0,0.12)",
                        "0px 11px 14px -7px rgba(0,0,0,0.2),0px 23px 36px 3px rgba(0,0,0,0.14),0px 9px 44px 8px rgba(0,0,0,0.12)",
                        "0px 11px 15px -7px rgba(0,0,0,0.2),0px 24px 38px 3px rgba(0,0,0,0.14),0px 9px 46px 8px rgba(0,0,0,0.12)",
                      ],
                      "shape": Object {
                        "borderRadius": 4,
                      },
                      "spacing": Object {
                        "unit": 8,
                        "unitDouble": 16,
                        "unitHalf": 4,
                        "unitTriple": 24,
                      },
                      "transitions": Object {
                        "create": [Function],
                        "duration": Object {
                          "complex": 375,
                          "enteringScreen": 225,
                          "leavingScreen": 195,
                          "short": 250,
                          "shorter": 200,
                          "shortest": 150,
                          "standard": 300,
                        },
                        "easing": Object {
                          "easeIn": "cubic-bezier(0.4, 0, 1, 1)",
                          "easeInOut": "cubic-bezier(0.4, 0, 0.2, 1)",
                          "easeOut": "cubic-bezier(0.0, 0, 0.2, 1)",
                          "sharp": "cubic-bezier(0.4, 0, 0.6, 1)",
                        },
                        "getAutoHeightDuration": [Function],
                      },
                      "typography": Object {
                        "body1": Object {
                          "color": "rgba(0, 0, 0, 0.87)",
                          "fontFamily": "Lato",
                          "fontSize": "1.043rem",
                          "fontWeight": 400,
                          "letterSpacing": "0.03125rem",
                          "lineHeight": "1.75rem",
                        },
                        "body1Next": Object {
                          "color": "rgba(0, 0, 0, 0.87)",
                          "fontFamily": "Lato",
                          "fontSize": "1.1428571428571428rem",
                          "fontWeight": 400,
                          "lineHeight": 1.5,
                        },
                        "body2": Object {
                          "color": "rgba(0, 0, 0, 0.87)",
                          "fontFamily": "Lato",
                          "fontSize": "0.913rem",
                          "fontWeight": 400,
                          "letterSpacing": "0.015625rem",
                          "lineHeight": "1.25rem",
                        },
                        "body2Next": Object {
                          "color": "rgba(0, 0, 0, 0.87)",
                          "fontFamily": "Lato",
                          "fontSize": "1rem",
                          "fontWeight": 400,
                          "lineHeight": 1.5,
                        },
                        "button": Object {
                          "color": "#ffffff",
                          "fontFamily": "Lato",
                          "fontSize": "0.90125rem",
                          "fontWeight": "bold",
                          "letterSpacing": "0.078125rem",
                          "lineHeight": "1rem",
                          "textTransform": "uppercase",
                        },
                        "buttonNext": Object {
                          "color": "rgba(0, 0, 0, 0.87)",
                          "fontFamily": "Lato",
                          "fontSize": "1rem",
                          "fontWeight": 500,
                          "lineHeight": 1.75,
                          "textTransform": "uppercase",
                        },
                        "caption": Object {
                          "color": "rgba(0,0,0,0.6)",
                          "fontFamily": "Lato",
                          "fontSize": "0.7725rem",
                          "fontWeight": "bold",
                          "letterSpacing": "0.025rem",
                          "lineHeight": "1rem",
                        },
                        "captionNext": Object {
                          "color": "rgba(0, 0, 0, 0.87)",
                          "fontFamily": "Lato",
                          "fontSize": "0.8571428571428571rem",
                          "fontWeight": 400,
                          "lineHeight": 1.66,
                        },
                        "display1": Object {
                          "color": "rgba(0, 0, 0, 0.54)",
                          "fontFamily": "Lato",
                          "fontSize": "2.4285714285714284rem",
                          "fontWeight": 400,
                          "lineHeight": "1.20588em",
                        },
                        "display2": Object {
                          "color": "rgba(0, 0, 0, 0.54)",
                          "fontFamily": "Lato",
                          "fontSize": "3.214285714285714rem",
                          "fontWeight": 400,
                          "lineHeight": "1.13333em",
                          "marginLeft": "-.02em",
                        },
                        "display3": Object {
                          "color": "rgba(0, 0, 0, 0.54)",
                          "fontFamily": "Lato",
                          "fontSize": "4rem",
                          "fontWeight": 400,
                          "letterSpacing": "-.02em",
                          "lineHeight": "1.30357em",
                          "marginLeft": "-.02em",
                        },
                        "display4": Object {
                          "color": "rgba(0, 0, 0, 0.54)",
                          "fontFamily": "Lato",
                          "fontSize": "8rem",
                          "fontWeight": 300,
                          "letterSpacing": "-.04em",
                          "lineHeight": "1.14286em",
                          "marginLeft": "-.04em",
                        },
                        "fontFamily": "Lato",
                        "fontSize": 16,
                        "fontWeightLight": 300,
                        "fontWeightMedium": 500,
                        "fontWeightRegular": 400,
                        "h1": Object {
                          "color": "rgba(0, 0, 0, 0.87)",
                          "fontFamily": "Lato",
                          "fontSize": "6.259rem",
                          "fontWeight": 300,
                          "letterSpacing": "-0.09375em",
                          "lineHeight": 1,
                        },
                        "h2": Object {
                          "color": "rgba(0, 0, 0, 0.87)",
                          "fontFamily": "Lato",
                          "fontSize": "3.862rem",
                          "fontWeight": "bold",
                          "letterSpacing": "-0.03125rem",
                          "lineHeight": 1,
                        },
                        "h3": Object {
                          "color": "rgba(0, 0, 0, 0.87)",
                          "fontFamily": "Lato",
                          "fontSize": "3.089rem",
                          "fontWeight": "bold",
                          "letterSpacing": 0,
                          "lineHeight": 1.04,
                        },
                        "h4": Object {
                          "color": "rgba(0, 0, 0, 0.87)",
                          "fontFamily": "Lato",
                          "fontSize": "2.214rem",
                          "fontWeight": 400,
                          "letterSpacing": "0.015625rem",
                          "lineHeight": 1.17,
                        },
                        "h5": Object {
                          "color": "rgba(0, 0, 0, 0.87)",
                          "fontFamily": "Lato",
                          "fontSize": "1.564rem",
                          "fontWeight": 400,
                          "letterSpacing": 0,
                          "lineHeight": 1.33,
                        },
                        "h6": Object {
                          "color": "rgba(0, 0, 0, 0.87)",
                          "fontFamily": "Lato",
                          "fontSize": "1.288rem",
                          "fontWeight": "bold",
                          "letterSpacing": "0.015625rem",
                          "lineHeight": "1.5rem",
                        },
                        "headline": Object {
                          "color": "rgba(0, 0, 0, 0.87)",
                          "fontFamily": "Lato",
                          "fontSize": "1.7142857142857142rem",
                          "fontWeight": 400,
                          "lineHeight": "1.35417em",
                        },
                        "overline": Object {
                          "color": "rgba(0, 0, 0, 0.87)",
                          "fontFamily": "Lato",
                          "fontSize": "0.7725rem",
                          "fontWeight": "bold",
                          "letterSpacing": "0.125rem",
                          "lineHeight": "1rem",
                          "textTransform": "uppercase",
                        },
                        "pxToRem": [Function],
                        "round": [Function],
                        "subheading": Object {
                          "color": "rgba(0, 0, 0, 0.87)",
                          "fontFamily": "Lato",
                          "fontSize": "1.1428571428571428rem",
                          "fontWeight": 400,
                          "lineHeight": "1.5em",
                        },
                        "subtitle1": Object {
                          "color": "rgba(0, 0, 0, 0.87)",
                          "fontFamily": "Lato",
                          "fontSize": "1.03rem",
                          "fontWeight": "bold",
                          "letterSpacing": "0.00937rem",
                          "lineHeight": "1.5rem",
                        },
                        "subtitle2": Object {
                          "color": "rgba(0, 0, 0, 0.87)",
                          "fontFamily": "Lato",
                          "fontSize": "1rem",
                          "fontWeight": 500,
                          "lineHeight": 1.57,
                        },
                        "title": Object {
                          "color": "rgba(0, 0, 0, 0.87)",
                          "fontFamily": "Lato",
                          "fontSize": "1.5rem",
                          "fontWeight": 500,
                          "lineHeight": "1.16667em",
                        },
                        "useNextVariants": true,
                      },
                      "zIndex": Object {
                        "appBar": 1100,
                        "behind": -1,
                        "drawer": 1200,
                        "forward": 50,
                        "infront": 900,
                        "mobileStepper": 1000,
                        "modal": 1300,
                        "snackbar": 1400,
                        "sticky": 51,
                        "tooltip": 1500,
                      },
                    }
                  }
                  variant="subtitle1"
                >
                  <p
                    className="MuiTypography-root-14 MuiTypography-subtitle1-32  PageElement-pageItem-10 PageElement-pageElement-8"
                  >
                    <WithStyles(Typography)
                      variant="srOnly"
                    >
                      <Typography
                        align="inherit"
                        classes={
                          Object {
                            "alignCenter": "MuiTypography-alignCenter-37",
                            "alignJustify": "MuiTypography-alignJustify-39",
                            "alignLeft": "MuiTypography-alignLeft-36",
                            "alignRight": "MuiTypography-alignRight-38",
                            "body1": "MuiTypography-body1-23",
                            "body2": "MuiTypography-body2-22",
                            "button": "MuiTypography-button-25",
                            "caption": "MuiTypography-caption-24",
                            "colorError": "MuiTypography-colorError-48",
                            "colorInherit": "MuiTypography-colorInherit-43",
                            "colorPrimary": "MuiTypography-colorPrimary-44",
                            "colorSecondary": "MuiTypography-colorSecondary-45",
                            "colorTextPrimary": "MuiTypography-colorTextPrimary-46",
                            "colorTextSecondary": "MuiTypography-colorTextSecondary-47",
                            "display1": "MuiTypography-display1-18",
                            "display2": "MuiTypography-display2-17",
                            "display3": "MuiTypography-display3-16",
                            "display4": "MuiTypography-display4-15",
                            "gutterBottom": "MuiTypography-gutterBottom-41",
                            "h1": "MuiTypography-h1-26",
                            "h2": "MuiTypography-h2-27",
                            "h3": "MuiTypography-h3-28",
                            "h4": "MuiTypography-h4-29",
                            "h5": "MuiTypography-h5-30",
                            "h6": "MuiTypography-h6-31",
                            "headline": "MuiTypography-headline-19",
                            "inline": "MuiTypography-inline-49",
                            "noWrap": "MuiTypography-noWrap-40",
                            "overline": "MuiTypography-overline-34",
                            "paragraph": "MuiTypography-paragraph-42",
                            "root": "MuiTypography-root-14",
                            "srOnly": "MuiTypography-srOnly-35",
                            "subheading": "MuiTypography-subheading-21",
                            "subtitle1": "MuiTypography-subtitle1-32",
                            "subtitle2": "MuiTypography-subtitle2-33",
                            "title": "MuiTypography-title-20",
                          }
                        }
                        color="default"
                        gutterBottom={false}
                        headlineMapping={
                          Object {
                            "body1": "p",
                            "body2": "p",
                            "display1": "h1",
                            "display2": "h1",
                            "display3": "h1",
                            "display4": "h1",
                            "h1": "h1",
                            "h2": "h2",
                            "h3": "h3",
                            "h4": "h4",
                            "h5": "h5",
                            "h6": "h6",
                            "headline": "h1",
                            "subheading": "h3",
                            "subtitle1": "h6",
                            "subtitle2": "h6",
                            "title": "h2",
                          }
                        }
                        inline={false}
                        noWrap={false}
                        paragraph={false}
                        theme={
                          Object {
                            "breakpoints": Object {
                              "between": [Function],
                              "down": [Function],
                              "keys": Array [
                                "xs",
                                "sm",
                                "md",
                                "lg",
                                "xl",
                              ],
                              "only": [Function],
                              "up": [Function],
                              "values": Object {
                                "lg": 1280,
                                "md": 900,
                                "sm": 700,
                                "xl": 1920,
                                "xs": 0,
                              },
                              "width": [Function],
                            },
                            "custom": Object {
                              "body2light": Object {
                                "color": "rgba(0,0,0,0.7)",
                              },
                            },
                            "direction": "ltr",
                            "mixins": Object {
                              "gutters": [Function],
                              "toolbar": Object {
                                "@media (min-width:0px) and (orientation: landscape)": Object {
                                  "minHeight": 48,
                                },
                                "@media (min-width:700px)": Object {
                                  "minHeight": 64,
                                },
                                "minHeight": 56,
                              },
                            },
                            "overrides": Object {
                              "MuiButtonBase": Object {
                                "focusVisible": Object {
                                  "boxShadow": "0 0 0 2px rgb(255, 255, 255), 0 0 0 6px rgb(71, 131, 235), 0 0 0 8px rgb(255, 255, 255)",
                                  "outline": "2px solid transparent",
                                },
                              },
                              "MuiInputBase": Object {
                                "root": Object {
                                  "&$focused": Object {
                                    "boxShadow": "0 0 0 2px rgb(255, 255, 255), 0 0 0 6px rgb(71, 131, 235), 0 0 0 8px rgb(255, 255, 255)",
                                    "outline": "2px solid transparent",
                                  },
                                },
                              },
                            },
                            "palette": Object {
                              "action": Object {
                                "active": "rgba(0, 0, 0, 0.54)",
                                "disabled": "rgba(0, 0, 0, 0.26)",
                                "disabledBackground": "rgba(0, 0, 0, 0.12)",
                                "hover": "rgba(0, 0, 0, 0.08)",
                                "hoverOpacity": 0.08,
                                "selected": "rgba(0, 0, 0, 0.14)",
                              },
                              "augmentColor": [Function],
                              "background": Object {
                                "default": "#fafafa",
                                "front": "linear-gradient(340.58deg, rgb(11, 123, 237) 0%, rgb(20, 108, 232) 67.04%, rgb(25, 100, 230) 100%)",
                                "main": "linear-gradient(340.58deg, rgb(11, 123, 237) 0%, rgb(20, 108, 232) 67.04%, rgb(25, 100, 230) 100%)",
                                "paper": "#fff",
                                "plain": "rgb(20, 108, 232)",
                              },
                              "common": Object {
                                "black": "#000",
                                "white": "#fff",
                              },
                              "contrastThreshold": 3,
                              "detail": Object {
                                "alpha": "rgba(25,100,230,0.5)",
                                "main": "rgb(25, 100, 230)",
                              },
                              "disabled": Object {
                                "main": "rgb(239, 239, 239)",
                                "strong": "#898989",
                              },
                              "divider": "rgba(0, 0, 0, 0.12)",
                              "error": Object {
                                "contrastText": "#fff",
                                "dark": "#d32f2f",
                                "light": "#e57373",
                                "main": "#f44336",
                              },
                              "focusBorder": "rgb(71, 131, 235)",
                              "getContrastText": [Function],
                              "grey": Object {
                                "100": "#f5f5f5",
                                "200": "#eeeeee",
                                "300": "#e0e0e0",
                                "400": "#bdbdbd",
                                "50": "#fafafa",
                                "500": "#9e9e9e",
                                "600": "#757575",
                                "700": "#616161",
                                "800": "#424242",
                                "900": "#212121",
                                "A100": "#d5d5d5",
                                "A200": "#aaaaaa",
                                "A400": "#303030",
                                "A700": "#616161",
                              },
                              "primary": Object {
                                "contrastText": "#fff",
                                "dark": "rgb(17, 70, 161)",
                                "highContrast": "#fff",
                                "light": "rgb(71, 131, 235)",
                                "main": "rgb(25, 100, 230)",
                              },
                              "secondary": Object {
                                "contrastText": "#fff",
                                "dark": "rgb(30, 32, 39)",
                                "hover": "#1d39ad",
                                "light": "rgb(85, 88, 96)",
                                "main": "rgb(43, 47, 57)",
                              },
                              "text": Object {
                                "disabled": "rgba(0, 0, 0, 0.38)",
                                "hint": "rgba(0, 0, 0, 0.38)",
                                "primary": "rgba(0, 0, 0, 0.87)",
                                "secondary": "rgba(0, 0, 0, 0.54)",
                              },
                              "tonalOffset": 0.2,
                              "type": "light",
                              "warning": "#AF0021",
                              "white": Object {
                                "contrastText": "#000",
                                "dark": "#949494",
                                "light": "#f2f2f2",
                                "main": "#FFFFFF",
                              },
                            },
                            "props": Object {
                              "MuiButton": Object {
                                "disableFocusRipple": true,
                                "disableRipple": true,
                              },
                              "MuiButtonBase": Object {
                                "disableRipple": true,
                              },
                            },
                            "shadows": Array [
                              "none",
                              "0px 1px 3px 0px rgba(0,0,0,0.2),0px 1px 1px 0px rgba(0,0,0,0.14),0px 2px 1px -1px rgba(0,0,0,0.12)",
                              "0px 1px 5px 0px rgba(0,0,0,0.2),0px 2px 2px 0px rgba(0,0,0,0.14),0px 3px 1px -2px rgba(0,0,0,0.12)",
                              "0px 1px 8px 0px rgba(0,0,0,0.2),0px 3px 4px 0px rgba(0,0,0,0.14),0px 3px 3px -2px rgba(0,0,0,0.12)",
                              "0px 2px 4px -1px rgba(0,0,0,0.2),0px 4px 5px 0px rgba(0,0,0,0.14),0px 1px 10px 0px rgba(0,0,0,0.12)",
                              "0px 3px 5px -1px rgba(0,0,0,0.2),0px 5px 8px 0px rgba(0,0,0,0.14),0px 1px 14px 0px rgba(0,0,0,0.12)",
                              "0px 3px 5px -1px rgba(0,0,0,0.2),0px 6px 10px 0px rgba(0,0,0,0.14),0px 1px 18px 0px rgba(0,0,0,0.12)",
                              "0px 4px 5px -2px rgba(0,0,0,0.2),0px 7px 10px 1px rgba(0,0,0,0.14),0px 2px 16px 1px rgba(0,0,0,0.12)",
                              "0px 5px 5px -3px rgba(0,0,0,0.2),0px 8px 10px 1px rgba(0,0,0,0.14),0px 3px 14px 2px rgba(0,0,0,0.12)",
                              "0px 5px 6px -3px rgba(0,0,0,0.2),0px 9px 12px 1px rgba(0,0,0,0.14),0px 3px 16px 2px rgba(0,0,0,0.12)",
                              "0px 6px 6px -3px rgba(0,0,0,0.2),0px 10px 14px 1px rgba(0,0,0,0.14),0px 4px 18px 3px rgba(0,0,0,0.12)",
                              "0px 6px 7px -4px rgba(0,0,0,0.2),0px 11px 15px 1px rgba(0,0,0,0.14),0px 4px 20px 3px rgba(0,0,0,0.12)",
                              "0px 7px 8px -4px rgba(0,0,0,0.2),0px 12px 17px 2px rgba(0,0,0,0.14),0px 5px 22px 4px rgba(0,0,0,0.12)",
                              "0px 7px 8px -4px rgba(0,0,0,0.2),0px 13px 19px 2px rgba(0,0,0,0.14),0px 5px 24px 4px rgba(0,0,0,0.12)",
                              "0px 7px 9px -4px rgba(0,0,0,0.2),0px 14px 21px 2px rgba(0,0,0,0.14),0px 5px 26px 4px rgba(0,0,0,0.12)",
                              "0px 8px 9px -5px rgba(0,0,0,0.2),0px 15px 22px 2px rgba(0,0,0,0.14),0px 6px 28px 5px rgba(0,0,0,0.12)",
                              "0px 8px 10px -5px rgba(0,0,0,0.2),0px 16px 24px 2px rgba(0,0,0,0.14),0px 6px 30px 5px rgba(0,0,0,0.12)",
                              "0px 8px 11px -5px rgba(0,0,0,0.2),0px 17px 26px 2px rgba(0,0,0,0.14),0px 6px 32px 5px rgba(0,0,0,0.12)",
                              "0px 9px 11px -5px rgba(0,0,0,0.2),0px 18px 28px 2px rgba(0,0,0,0.14),0px 7px 34px 6px rgba(0,0,0,0.12)",
                              "0px 9px 12px -6px rgba(0,0,0,0.2),0px 19px 29px 2px rgba(0,0,0,0.14),0px 7px 36px 6px rgba(0,0,0,0.12)",
                              "0px 10px 13px -6px rgba(0,0,0,0.2),0px 20px 31px 3px rgba(0,0,0,0.14),0px 8px 38px 7px rgba(0,0,0,0.12)",
                              "0px 10px 13px -6px rgba(0,0,0,0.2),0px 21px 33px 3px rgba(0,0,0,0.14),0px 8px 40px 7px rgba(0,0,0,0.12)",
                              "0px 10px 14px -6px rgba(0,0,0,0.2),0px 22px 35px 3px rgba(0,0,0,0.14),0px 8px 42px 7px rgba(0,0,0,0.12)",
                              "0px 11px 14px -7px rgba(0,0,0,0.2),0px 23px 36px 3px rgba(0,0,0,0.14),0px 9px 44px 8px rgba(0,0,0,0.12)",
                              "0px 11px 15px -7px rgba(0,0,0,0.2),0px 24px 38px 3px rgba(0,0,0,0.14),0px 9px 46px 8px rgba(0,0,0,0.12)",
                            ],
                            "shape": Object {
                              "borderRadius": 4,
                            },
                            "spacing": Object {
                              "unit": 8,
                              "unitDouble": 16,
                              "unitHalf": 4,
                              "unitTriple": 24,
                            },
                            "transitions": Object {
                              "create": [Function],
                              "duration": Object {
                                "complex": 375,
                                "enteringScreen": 225,
                                "leavingScreen": 195,
                                "short": 250,
                                "shorter": 200,
                                "shortest": 150,
                                "standard": 300,
                              },
                              "easing": Object {
                                "easeIn": "cubic-bezier(0.4, 0, 1, 1)",
                                "easeInOut": "cubic-bezier(0.4, 0, 0.2, 1)",
                                "easeOut": "cubic-bezier(0.0, 0, 0.2, 1)",
                                "sharp": "cubic-bezier(0.4, 0, 0.6, 1)",
                              },
                              "getAutoHeightDuration": [Function],
                            },
                            "typography": Object {
                              "body1": Object {
                                "color": "rgba(0, 0, 0, 0.87)",
                                "fontFamily": "Lato",
                                "fontSize": "1.043rem",
                                "fontWeight": 400,
                                "letterSpacing": "0.03125rem",
                                "lineHeight": "1.75rem",
                              },
                              "body1Next": Object {
                                "color": "rgba(0, 0, 0, 0.87)",
                                "fontFamily": "Lato",
                                "fontSize": "1.1428571428571428rem",
                                "fontWeight": 400,
                                "lineHeight": 1.5,
                              },
                              "body2": Object {
                                "color": "rgba(0, 0, 0, 0.87)",
                                "fontFamily": "Lato",
                                "fontSize": "0.913rem",
                                "fontWeight": 400,
                                "letterSpacing": "0.015625rem",
                                "lineHeight": "1.25rem",
                              },
                              "body2Next": Object {
                                "color": "rgba(0, 0, 0, 0.87)",
                                "fontFamily": "Lato",
                                "fontSize": "1rem",
                                "fontWeight": 400,
                                "lineHeight": 1.5,
                              },
                              "button": Object {
                                "color": "#ffffff",
                                "fontFamily": "Lato",
                                "fontSize": "0.90125rem",
                                "fontWeight": "bold",
                                "letterSpacing": "0.078125rem",
                                "lineHeight": "1rem",
                                "textTransform": "uppercase",
                              },
                              "buttonNext": Object {
                                "color": "rgba(0, 0, 0, 0.87)",
                                "fontFamily": "Lato",
                                "fontSize": "1rem",
                                "fontWeight": 500,
                                "lineHeight": 1.75,
                                "textTransform": "uppercase",
                              },
                              "caption": Object {
                                "color": "rgba(0,0,0,0.6)",
                                "fontFamily": "Lato",
                                "fontSize": "0.7725rem",
                                "fontWeight": "bold",
                                "letterSpacing": "0.025rem",
                                "lineHeight": "1rem",
                              },
                              "captionNext": Object {
                                "color": "rgba(0, 0, 0, 0.87)",
                                "fontFamily": "Lato",
                                "fontSize": "0.8571428571428571rem",
                                "fontWeight": 400,
                                "lineHeight": 1.66,
                              },
                              "display1": Object {
                                "color": "rgba(0, 0, 0, 0.54)",
                                "fontFamily": "Lato",
                                "fontSize": "2.4285714285714284rem",
                                "fontWeight": 400,
                                "lineHeight": "1.20588em",
                              },
                              "display2": Object {
                                "color": "rgba(0, 0, 0, 0.54)",
                                "fontFamily": "Lato",
                                "fontSize": "3.214285714285714rem",
                                "fontWeight": 400,
                                "lineHeight": "1.13333em",
                                "marginLeft": "-.02em",
                              },
                              "display3": Object {
                                "color": "rgba(0, 0, 0, 0.54)",
                                "fontFamily": "Lato",
                                "fontSize": "4rem",
                                "fontWeight": 400,
                                "letterSpacing": "-.02em",
                                "lineHeight": "1.30357em",
                                "marginLeft": "-.02em",
                              },
                              "display4": Object {
                                "color": "rgba(0, 0, 0, 0.54)",
                                "fontFamily": "Lato",
                                "fontSize": "8rem",
                                "fontWeight": 300,
                                "letterSpacing": "-.04em",
                                "lineHeight": "1.14286em",
                                "marginLeft": "-.04em",
                              },
                              "fontFamily": "Lato",
                              "fontSize": 16,
                              "fontWeightLight": 300,
                              "fontWeightMedium": 500,
                              "fontWeightRegular": 400,
                              "h1": Object {
                                "color": "rgba(0, 0, 0, 0.87)",
                                "fontFamily": "Lato",
                                "fontSize": "6.259rem",
                                "fontWeight": 300,
                                "letterSpacing": "-0.09375em",
                                "lineHeight": 1,
                              },
                              "h2": Object {
                                "color": "rgba(0, 0, 0, 0.87)",
                                "fontFamily": "Lato",
                                "fontSize": "3.862rem",
                                "fontWeight": "bold",
                                "letterSpacing": "-0.03125rem",
                                "lineHeight": 1,
                              },
                              "h3": Object {
                                "color": "rgba(0, 0, 0, 0.87)",
                                "fontFamily": "Lato",
                                "fontSize": "3.089rem",
                                "fontWeight": "bold",
                                "letterSpacing": 0,
                                "lineHeight": 1.04,
                              },
                              "h4": Object {
                                "color": "rgba(0, 0, 0, 0.87)",
                                "fontFamily": "Lato",
                                "fontSize": "2.214rem",
                                "fontWeight": 400,
                                "letterSpacing": "0.015625rem",
                                "lineHeight": 1.17,
                              },
                              "h5": Object {
                                "color": "rgba(0, 0, 0, 0.87)",
                                "fontFamily": "Lato",
                                "fontSize": "1.564rem",
                                "fontWeight": 400,
                                "letterSpacing": 0,
                                "lineHeight": 1.33,
                              },
                              "h6": Object {
                                "color": "rgba(0, 0, 0, 0.87)",
                                "fontFamily": "Lato",
                                "fontSize": "1.288rem",
                                "fontWeight": "bold",
                                "letterSpacing": "0.015625rem",
                                "lineHeight": "1.5rem",
                              },
                              "headline": Object {
                                "color": "rgba(0, 0, 0, 0.87)",
                                "fontFamily": "Lato",
                                "fontSize": "1.7142857142857142rem",
                                "fontWeight": 400,
                                "lineHeight": "1.35417em",
                              },
                              "overline": Object {
                                "color": "rgba(0, 0, 0, 0.87)",
                                "fontFamily": "Lato",
                                "fontSize": "0.7725rem",
                                "fontWeight": "bold",
                                "letterSpacing": "0.125rem",
                                "lineHeight": "1rem",
                                "textTransform": "uppercase",
                              },
                              "pxToRem": [Function],
                              "round": [Function],
                              "subheading": Object {
                                "color": "rgba(0, 0, 0, 0.87)",
                                "fontFamily": "Lato",
                                "fontSize": "1.1428571428571428rem",
                                "fontWeight": 400,
                                "lineHeight": "1.5em",
                              },
                              "subtitle1": Object {
                                "color": "rgba(0, 0, 0, 0.87)",
                                "fontFamily": "Lato",
                                "fontSize": "1.03rem",
                                "fontWeight": "bold",
                                "letterSpacing": "0.00937rem",
                                "lineHeight": "1.5rem",
                              },
                              "subtitle2": Object {
                                "color": "rgba(0, 0, 0, 0.87)",
                                "fontFamily": "Lato",
                                "fontSize": "1rem",
                                "fontWeight": 500,
                                "lineHeight": 1.57,
                              },
                              "title": Object {
                                "color": "rgba(0, 0, 0, 0.87)",
                                "fontFamily": "Lato",
                                "fontSize": "1.5rem",
                                "fontWeight": 500,
                                "lineHeight": "1.16667em",
                              },
                              "useNextVariants": true,
                            },
                            "zIndex": Object {
                              "appBar": 1100,
                              "behind": -1,
                              "drawer": 1200,
                              "forward": 50,
                              "infront": 900,
                              "mobileStepper": 1000,
                              "modal": 1300,
                              "snackbar": 1400,
                              "sticky": 51,
                              "tooltip": 1500,
                            },
                          }
                        }
                        variant="srOnly"
                      >
                        <span
                          className="MuiTypography-root-14 MuiTypography-srOnly-35"
                        >
                          Open page 2
                        </span>
                      </Typography>
                    </WithStyles(Typography)>
                    <span
                      aria-hidden="true"
                    >
                      2
                    </span>
                  </p>
                </Typography>
              </WithStyles(Typography)>
            </button>
          </ButtonBase>
        </WithStyles(ButtonBase)>
      </li>
    </PageElement>
  </WithStyles(PageElement)>
</injectIntl(WithStyles(PageElement))>
`;
