// Jest Snapshot v1, https://goo.gl/fbAQLP

exports[`<PaginationComponent /> should work 1`] = `
<div>
  <div
    class=" css-fvjx4"
    data-sm="PaginationComponent"
  >
    <button
      aria-label="Previous page"
      class="MuiButtonBase-root SMButton css-1vfuj08"
      color="primary"
      id="PaginationPreviousButton"
      margin="0"
      role="link"
      small="0"
      tabindex="0"
      type="button"
      variant="contained"
    >
      <svg
        aria-hidden="true"
        class="MuiSvgIcon-root MuiSvgIcon-fontSizeMedium css-1k0hh5w"
        data-testid="ArrowForwardIosIcon"
        focusable="false"
        viewBox="0 0 24 24"
      >
        <path
          d="M6.23 20.23 8 22l10-10L8 2 6.23 3.77 14.46 12z"
        />
      </svg>
    </button>
    <button
      aria-label="Next page"
      class="MuiButtonBase-root SMButton css-1rmjl2d"
      color="primary"
      id="PaginationNextButton"
      margin="0"
      role="link"
      small="0"
      tabindex="0"
      type="button"
      variant="contained"
    >
      <svg
        aria-hidden="true"
        class="MuiSvgIcon-root MuiSvgIcon-fontSizeMedium css-1k0hh5w"
        data-testid="ArrowForwardIosIcon"
        focusable="false"
        viewBox="0 0 24 24"
      >
        <path
          d="M6.23 20.23 8 22l10-10L8 2 6.23 3.77 14.46 12z"
        />
      </svg>
    </button>
    <div
      class=" css-18m5ppr"
    >
      <ul
        class="css-5yfqfi"
      >
        <li>
          <button
            class="MuiButtonBase-root css-it5d4y"
            role="link"
            tabindex="0"
            type="button"
          >
            <p
              class="MuiTypography-root MuiTypography-subtitle1  css-acyxlg"
            >
              <span
                aria-hidden="true"
              >
                1
              </span>
            </p>
            <p
              class="MuiTypography-root MuiTypography-body2 css-unb6aa"
              style="border: 0px; height: 1px; margin: -1px; overflow: hidden; padding: 0px; position: absolute; white-space: nowrap; width: 1px;"
            >
              Open page 1
            </p>
          </button>
        </li>
        <li>
          <button
            class="MuiButtonBase-root Mui-disabled css-it5d4y"
            disabled=""
            role="link"
            tabindex="-1"
            type="button"
          >
            <p
              class="MuiTypography-root MuiTypography-subtitle1  css-c2rurp"
            >
              <span
                aria-hidden="true"
              >
                2
              </span>
            </p>
            <p
              class="MuiTypography-root MuiTypography-body2 css-unb6aa"
              style="border: 0px; height: 1px; margin: -1px; overflow: hidden; padding: 0px; position: absolute; white-space: nowrap; width: 1px;"
            >
              Page 2 currently opened
            </p>
          </button>
        </li>
        <li>
          <button
            class="MuiButtonBase-root css-it5d4y"
            role="link"
            tabindex="0"
            type="button"
          >
            <p
              class="MuiTypography-root MuiTypography-subtitle1  css-acyxlg"
            >
              <span
                aria-hidden="true"
              >
                3
              </span>
            </p>
            <p
              class="MuiTypography-root MuiTypography-body2 css-unb6aa"
              style="border: 0px; height: 1px; margin: -1px; overflow: hidden; padding: 0px; position: absolute; white-space: nowrap; width: 1px;"
            >
              Open page 3
            </p>
          </button>
        </li>
        <li>
          <button
            class="MuiButtonBase-root css-it5d4y"
            role="link"
            tabindex="0"
            type="button"
          >
            <p
              class="MuiTypography-root MuiTypography-subtitle1  css-acyxlg"
            >
              <span
                aria-hidden="true"
              >
                4
              </span>
            </p>
            <p
              class="MuiTypography-root MuiTypography-body2 css-unb6aa"
              style="border: 0px; height: 1px; margin: -1px; overflow: hidden; padding: 0px; position: absolute; white-space: nowrap; width: 1px;"
            >
              Open page 4
            </p>
          </button>
        </li>
        <li>
          <button
            class="MuiButtonBase-root css-it5d4y"
            role="link"
            tabindex="0"
            type="button"
          >
            <p
              class="MuiTypography-root MuiTypography-subtitle1  css-acyxlg"
            >
              <span
                aria-hidden="true"
              >
                5
              </span>
            </p>
            <p
              class="MuiTypography-root MuiTypography-body2 css-unb6aa"
              style="border: 0px; height: 1px; margin: -1px; overflow: hidden; padding: 0px; position: absolute; white-space: nowrap; width: 1px;"
            >
              Open page 5
            </p>
          </button>
        </li>
      </ul>
    </div>
  </div>
</div>
`;
