// Jest Snapshot v1, https://goo.gl/fbAQLP

exports[`<CloseSuggestionButton /> should work 1`] = `
<div
  onClick={[Function]}
  onKeyDown={[Function]}
  role="button"
  tabIndex="0"
>
  <WithStyles(ForwardRef(Typography))
    variant="body2"
  >
    <FormattedMessage
      id="search.suggestions.hideButton"
    />
  </WithStyles(ForwardRef(Typography))>
  <ArrowDownwardIcon />
</div>
`;
