// Jest Snapshot v1, https://goo.gl/fbAQLP

exports[`<UnitDataList /> should work 1`] = `
<div>
  <div>
    <div
      class="css-1d2iwu5"
    >
      <h4
        class="MuiTypography-root MuiTypography-subtitle1 css-1j4zhpw"
      >
        Events
      </h4>
    </div>
    <p
      class="MuiTypography-root MuiTypography-body2 MuiTypography-alignLeft css-b14lh5"
    >
      Here you can find information about events provided by the unit
    </p>
    <ul
      class="MuiList-root css-1uzmcsd"
    >
      <li
        class="MuiButtonBase-root MuiListItem-root MuiListItem-gutters MuiListItem-padding MuiListItem-button css-1ks5jh2"
        data-sm="ResultItemComponent"
        data-testid="EventItem"
        role="link"
        tabindex="0"
      >
        <div
          class="MuiListItemIcon-root css-7hcav0"
        >
          <svg
            aria-hidden="true"
            class="MuiSvgIcon-root MuiSvgIcon-colorPrimary MuiSvgIcon-fontSizeMedium css-g2id0y"
            data-testid="EventIcon"
            focusable="false"
            viewBox="0 0 24 24"
          >
            <path
              d="M17 12h-5v5h5zM16 1v2H8V1H6v2H5c-1.11 0-1.99.9-1.99 2L3 19c0 1.1.89 2 2 2h14c1.1 0 2-.9 2-2V5c0-1.1-.9-2-2-2h-1V1zm3 18H5V8h14z"
            />
          </svg>
        </div>
        <div
          class="css-188n6a2"
        >
          <div
            class="css-1ufrzn0"
            data-sm="ResultItemTopRow"
          >
            <p
              class="MuiTypography-root MuiTypography-body2 ResultItem-srOnly ResultItem-title css-3pgxpk"
              style="border: 0px; height: 1px; margin: -1px; overflow: hidden; padding: 0px; position: absolute; white-space: nowrap; width: 1px;"
            >
              
    Suomen kielen kielikahvila 
     
     
     
    
  
            </p>
            <p
              aria-hidden="true"
              class="MuiTypography-root MuiTypography-body2  ResultItem-title css-3pgxpk"
              data-sm="ResultItemTitle"
              role="textbox"
              simpleitem="0"
            >
              Suomen kielen kielikahvila
            </p>
          </div>
        </div>
      </li>
      <li
        aria-hidden="true"
      >
        <hr
          class="MuiDivider-root MuiDivider-inset css-rqgsqf"
          simpleitem="0"
        />
      </li>
      <li
        class="MuiButtonBase-root MuiListItem-root MuiListItem-gutters MuiListItem-padding MuiListItem-button css-1ks5jh2"
        data-sm="ResultItemComponent"
        data-testid="EventItem"
        role="link"
        tabindex="0"
      >
        <div
          class="MuiListItemIcon-root css-7hcav0"
        >
          <svg
            aria-hidden="true"
            class="MuiSvgIcon-root MuiSvgIcon-colorPrimary MuiSvgIcon-fontSizeMedium css-g2id0y"
            data-testid="EventIcon"
            focusable="false"
            viewBox="0 0 24 24"
          >
            <path
              d="M17 12h-5v5h5zM16 1v2H8V1H6v2H5c-1.11 0-1.99.9-1.99 2L3 19c0 1.1.89 2 2 2h14c1.1 0 2-.9 2-2V5c0-1.1-.9-2-2-2h-1V1zm3 18H5V8h14z"
            />
          </svg>
        </div>
        <div
          class="css-188n6a2"
        >
          <div
            class="css-1ufrzn0"
            data-sm="ResultItemTopRow"
          >
            <p
              class="MuiTypography-root MuiTypography-body2 ResultItem-srOnly ResultItem-title css-3pgxpk"
              style="border: 0px; height: 1px; margin: -1px; overflow: hidden; padding: 0px; position: absolute; white-space: nowrap; width: 1px;"
            >
              
    R&A x Armas: Vanhenemisen estetiikka 
     
     
     
    
  
            </p>
            <p
              aria-hidden="true"
              class="MuiTypography-root MuiTypography-body2  ResultItem-title css-3pgxpk"
              data-sm="ResultItemTitle"
              role="textbox"
              simpleitem="0"
            >
              R&A x Armas: Vanhenemisen estetiikka
            </p>
          </div>
        </div>
      </li>
      <li
        aria-hidden="true"
      >
        <hr
          class="MuiDivider-root MuiDivider-inset css-rqgsqf"
          simpleitem="0"
        />
      </li>
      <li
        class="MuiButtonBase-root MuiListItem-root MuiListItem-gutters MuiListItem-padding MuiListItem-button css-1ks5jh2"
        data-sm="ResultItemComponent"
        data-testid="EventItem"
        role="link"
        tabindex="0"
      >
        <div
          class="MuiListItemIcon-root css-7hcav0"
        >
          <svg
            aria-hidden="true"
            class="MuiSvgIcon-root MuiSvgIcon-colorPrimary MuiSvgIcon-fontSizeMedium css-g2id0y"
            data-testid="EventIcon"
            focusable="false"
            viewBox="0 0 24 24"
          >
            <path
              d="M17 12h-5v5h5zM16 1v2H8V1H6v2H5c-1.11 0-1.99.9-1.99 2L3 19c0 1.1.89 2 2 2h14c1.1 0 2-.9 2-2V5c0-1.1-.9-2-2-2h-1V1zm3 18H5V8h14z"
            />
          </svg>
        </div>
        <div
          class="css-188n6a2"
        >
          <div
            class="css-1ufrzn0"
            data-sm="ResultItemTopRow"
          >
            <p
              class="MuiTypography-root MuiTypography-body2 ResultItem-srOnly ResultItem-title css-3pgxpk"
              style="border: 0px; height: 1px; margin: -1px; overflow: hidden; padding: 0px; position: absolute; white-space: nowrap; width: 1px;"
            >
              
    Digital guidance for seniors 
     
     
     
    
  
            </p>
            <p
              aria-hidden="true"
              class="MuiTypography-root MuiTypography-body2  ResultItem-title css-3pgxpk"
              data-sm="ResultItemTitle"
              role="textbox"
              simpleitem="0"
            >
              Digital guidance for seniors
            </p>
          </div>
        </div>
      </li>
    </ul>
    <button
      aria-label="Show more events (2)"
      class="MuiButtonBase-root SMButton  css-1h0sh88"
      color="default"
      id="UniteventsButton"
      margin="1"
      role="link"
      small="1"
      tabindex="0"
      type="button"
      variant="contained"
    >
      <svg
        aria-hidden="true"
        class="MuiSvgIcon-root MuiSvgIcon-fontSizeMedium css-cs8e09"
        data-testid="ArrowDropDownIcon"
        focusable="false"
        viewBox="0 0 24 24"
      >
        <path
          d="m7 10 5 5 5-5z"
        />
      </svg>
      <p
        aria-hidden="true"
        class="MuiTypography-root MuiTypography-button css-1e549gs"
      >
        Show more events (2)
      </p>
    </button>
  </div>
</div>
`;
