// Jest Snapshot v1, https://goo.gl/fbAQLP

exports[`<UnitItem /> should work 1`] = `
<div>
  <li
    class="MuiButtonBase-root MuiListItem-root MuiListItem-gutters MuiListItem-padding MuiListItem-button css-tjwta7-MuiButtonBase-root-MuiListItem-root"
    data-sm="UnitItem"
    role="link"
    tabindex="0"
  >
    <div
      class="MuiListItemIcon-root css-1v52qf3-MuiListItemIcon-root"
    >
      <img
        alt=""
        aria-hidden="true"
        class="css-15p9n5u"
        src="data:image/png;base64,00"
      />
    </div>
    <div
      class="css-188n6a2"
    >
      <div
        class="css-1ufrzn0"
        data-sm="ResultItemTopRow"
      >
        <p
          class="MuiTypography-root MuiTypography-body2 ResultItem-srOnly ResultItem-title css-1eygwv7-MuiTypography-root"
          style="border: 0px; height: 1px; margin: -1px; overflow: hidden; padding: 0px; position: absolute; white-space: nowrap; width: 1px;"
        >
          
    Lippulaivan kirjasto 
    Kunnallinen palvelu 
     
     
    
  
        </p>
        <p
          aria-hidden="true"
          class="MuiTypography-root MuiTypography-body2 css-in3yi3 ResultItem-title css-1eygwv7-MuiTypography-root"
          data-sm="ResultItemTitle"
          role="textbox"
          simpleitem="0"
        >
          Lippulaivan kirjasto
        </p>
      </div>
      <div>
        <div>
          <p
            aria-hidden="true"
            class="MuiTypography-root MuiTypography-caption ResultItem-subtitle css-16auzzq-MuiTypography-root"
            hidemargin="true"
          >
            Kunnallinen palvelu
          </p>
        </div>
      </div>
    </div>
  </li>
  <li
    aria-hidden="true"
  >
    <hr
      class="MuiDivider-root MuiDivider-inset css-1tvkns7-MuiDivider-root"
      simpleitem="0"
    />
  </li>
</div>
`;
