// Jest Snapshot v1, https://goo.gl/fbAQLP

exports[`<SimpleListItem /> should work 1`] = `
<WithStyles(SimpleListItem)
  text="Title text"
>
  <SimpleListItem
    button={false}
    className={null}
    classes={
      Object {
        "divider": "SimpleListItem-divider-6",
        "itemFocus": "SimpleListItem-itemFocus-7",
        "link": "SimpleListItem-link-3",
        "listIcon": "SimpleListItem-listIcon-5",
        "listItem": "SimpleListItem-listItem-1",
        "textContainer": "SimpleListItem-textContainer-2",
        "whiteText": "SimpleListItem-whiteText-4",
      }
    }
    dark={false}
    divider={false}
    handleItemClick={null}
    icon={null}
    link={false}
    role={null}
    selected={false}
    srText={null}
    text="Title text"
  >
    <WithStyles(ForwardRef(ListItem))
      aria-label=" Title text"
      button={false}
      className={null}
      classes={
        Object {
          "root": "SimpleListItem-listItem-1",
          "selected": "SimpleListItem-itemFocus-7",
        }
      }
      component="li"
      onClick={null}
      onKeyDown={null}
      role={null}
      selected={false}
      tabIndex={-1}
    >
      <ForwardRef(ListItem)
        aria-label=" Title text"
        button={false}
        className={null}
        classes={
          Object {
            "alignItemsFlexStart": "MuiListItem-alignItemsFlexStart",
            "button": "MuiListItem-button",
            "container": "MuiListItem-container",
            "dense": "MuiListItem-dense",
            "disabled": "Mui-disabled",
            "divider": "MuiListItem-divider",
            "focusVisible": "Mui-focusVisible",
            "gutters": "MuiListItem-gutters",
            "root": "MuiListItem-root SimpleListItem-listItem-1",
            "secondaryAction": "MuiListItem-secondaryAction",
            "selected": "Mui-selected SimpleListItem-itemFocus-7",
          }
        }
        component="li"
        onClick={null}
        onKeyDown={null}
        role={null}
        selected={false}
        tabIndex={-1}
      >
        <li
          aria-label=" Title text"
          className="MuiListItem-root SimpleListItem-listItem-1 MuiListItem-gutters"
          disabled={false}
          onClick={null}
          onKeyDown={null}
          role={null}
          tabIndex={-1}
        >
          <WithStyles(ForwardRef(ListItemText))
            classes={
              Object {
                "root": "SimpleListItem-textContainer-2",
              }
            }
            key=".1"
          >
            <ForwardRef(ListItemText)
              classes={
                Object {
                  "dense": "MuiListItemText-dense",
                  "inset": "MuiListItemText-inset",
                  "multiline": "MuiListItemText-multiline",
                  "primary": "MuiListItemText-primary",
                  "root": "MuiListItemText-root SimpleListItem-textContainer-2",
                  "secondary": "MuiListItemText-secondary",
                }
              }
            >
              <div
                className="MuiListItemText-root SimpleListItem-textContainer-2"
              >
                <WithStyles(ForwardRef(Typography))
                  className="MuiListItemText-primary"
                  component="span"
                  display="block"
                  variant="body1"
                >
                  <ForwardRef(Typography)
                    className="MuiListItemText-primary"
                    classes={
                      Object {
                        "alignCenter": "MuiTypography-alignCenter",
                        "alignJustify": "MuiTypography-alignJustify",
                        "alignLeft": "MuiTypography-alignLeft",
                        "alignRight": "MuiTypography-alignRight",
                        "body1": "MuiTypography-body1",
                        "body2": "MuiTypography-body2",
                        "button": "MuiTypography-button",
                        "caption": "MuiTypography-caption",
                        "colorError": "MuiTypography-colorError",
                        "colorInherit": "MuiTypography-colorInherit",
                        "colorPrimary": "MuiTypography-colorPrimary",
                        "colorSecondary": "MuiTypography-colorSecondary",
                        "colorTextPrimary": "MuiTypography-colorTextPrimary",
                        "colorTextSecondary": "MuiTypography-colorTextSecondary",
                        "displayBlock": "MuiTypography-displayBlock",
                        "displayInline": "MuiTypography-displayInline",
                        "gutterBottom": "MuiTypography-gutterBottom",
                        "h1": "MuiTypography-h1",
                        "h2": "MuiTypography-h2",
                        "h3": "MuiTypography-h3",
                        "h4": "MuiTypography-h4",
                        "h5": "MuiTypography-h5",
                        "h6": "MuiTypography-h6",
                        "noWrap": "MuiTypography-noWrap",
                        "overline": "MuiTypography-overline",
                        "paragraph": "MuiTypography-paragraph",
                        "root": "MuiTypography-root",
                        "srOnly": "MuiTypography-srOnly",
                        "subtitle1": "MuiTypography-subtitle1",
                        "subtitle2": "MuiTypography-subtitle2",
                      }
                    }
                    component="span"
                    display="block"
                    variant="body1"
                  >
                    <span
                      className="MuiTypography-root MuiListItemText-primary MuiTypography-body1 MuiTypography-displayBlock"
                    >
                      <WithStyles(ForwardRef(Typography))
                        aria-hidden={true}
                        variant="srOnly"
                      >
                        <ForwardRef(Typography)
                          aria-hidden={true}
                          classes={
                            Object {
                              "alignCenter": "MuiTypography-alignCenter",
                              "alignJustify": "MuiTypography-alignJustify",
                              "alignLeft": "MuiTypography-alignLeft",
                              "alignRight": "MuiTypography-alignRight",
                              "body1": "MuiTypography-body1",
                              "body2": "MuiTypography-body2",
                              "button": "MuiTypography-button",
                              "caption": "MuiTypography-caption",
                              "colorError": "MuiTypography-colorError",
                              "colorInherit": "MuiTypography-colorInherit",
                              "colorPrimary": "MuiTypography-colorPrimary",
                              "colorSecondary": "MuiTypography-colorSecondary",
                              "colorTextPrimary": "MuiTypography-colorTextPrimary",
                              "colorTextSecondary": "MuiTypography-colorTextSecondary",
                              "displayBlock": "MuiTypography-displayBlock",
                              "displayInline": "MuiTypography-displayInline",
                              "gutterBottom": "MuiTypography-gutterBottom",
                              "h1": "MuiTypography-h1",
                              "h2": "MuiTypography-h2",
                              "h3": "MuiTypography-h3",
                              "h4": "MuiTypography-h4",
                              "h5": "MuiTypography-h5",
                              "h6": "MuiTypography-h6",
                              "noWrap": "MuiTypography-noWrap",
                              "overline": "MuiTypography-overline",
                              "paragraph": "MuiTypography-paragraph",
                              "root": "MuiTypography-root",
                              "srOnly": "MuiTypography-srOnly",
                              "subtitle1": "MuiTypography-subtitle1",
                              "subtitle2": "MuiTypography-subtitle2",
                            }
                          }
                          variant="srOnly"
                        >
                          <span
                            aria-hidden={true}
                            className="MuiTypography-root MuiTypography-srOnly"
                          />
                        </ForwardRef(Typography)>
                      </WithStyles(ForwardRef(Typography))>
                      <WithStyles(ForwardRef(Typography))
                        aria-hidden={true}
                        classes={
                          Object {
                            "root": "null ",
                          }
                        }
                        color="inherit"
                        variant="body2"
                      >
                        <ForwardRef(Typography)
                          aria-hidden={true}
                          classes={
                            Object {
                              "alignCenter": "MuiTypography-alignCenter",
                              "alignJustify": "MuiTypography-alignJustify",
                              "alignLeft": "MuiTypography-alignLeft",
                              "alignRight": "MuiTypography-alignRight",
                              "body1": "MuiTypography-body1",
                              "body2": "MuiTypography-body2",
                              "button": "MuiTypography-button",
                              "caption": "MuiTypography-caption",
                              "colorError": "MuiTypography-colorError",
                              "colorInherit": "MuiTypography-colorInherit",
                              "colorPrimary": "MuiTypography-colorPrimary",
                              "colorSecondary": "MuiTypography-colorSecondary",
                              "colorTextPrimary": "MuiTypography-colorTextPrimary",
                              "colorTextSecondary": "MuiTypography-colorTextSecondary",
                              "displayBlock": "MuiTypography-displayBlock",
                              "displayInline": "MuiTypography-displayInline",
                              "gutterBottom": "MuiTypography-gutterBottom",
                              "h1": "MuiTypography-h1",
                              "h2": "MuiTypography-h2",
                              "h3": "MuiTypography-h3",
                              "h4": "MuiTypography-h4",
                              "h5": "MuiTypography-h5",
                              "h6": "MuiTypography-h6",
                              "noWrap": "MuiTypography-noWrap",
                              "overline": "MuiTypography-overline",
                              "paragraph": "MuiTypography-paragraph",
                              "root": "MuiTypography-root null ",
                              "srOnly": "MuiTypography-srOnly",
                              "subtitle1": "MuiTypography-subtitle1",
                              "subtitle2": "MuiTypography-subtitle2",
                            }
                          }
                          color="inherit"
                          variant="body2"
                        >
                          <p
                            aria-hidden={true}
                            className="MuiTypography-root null  MuiTypography-body2 MuiTypography-colorInherit"
                          >
                            Title text
                          </p>
                        </ForwardRef(Typography)>
                      </WithStyles(ForwardRef(Typography))>
                    </span>
                  </ForwardRef(Typography)>
                </WithStyles(ForwardRef(Typography))>
              </div>
            </ForwardRef(ListItemText)>
          </WithStyles(ForwardRef(ListItemText))>
        </li>
      </ForwardRef(ListItem)>
    </WithStyles(ForwardRef(ListItem))>
  </SimpleListItem>
</WithStyles(SimpleListItem)>
`;
