// Jest Snapshot v1, https://goo.gl/fbAQLP

exports[`<SimpleListItem /> should work 1`] = `
<div>
  <li
    class="MuiListItem-root css-1ls6ttt MuiListItem-gutters MuiListItem-padding null  css-aaug5z-MuiListItem-root"
    tabindex="-1"
  >
    <div
      class="MuiListItemText-root css-xzi2h1 css-vt7cuc-MuiListItemText-root"
    >
      <span
        class="MuiTypography-root MuiTypography-body1 MuiListItemText-primary css-10wsksd-MuiTypography-root"
      >
        <p
          class="MuiTypography-root null  MuiTypography-body2 css-q91igz-MuiTypography-root"
        >
          Title text
        </p>
        <p
          class="MuiTypography-root MuiTypography-body2 css-1ak20dk-MuiTypography-root"
          style="border: 0px; height: 1px; margin: -1px; overflow: hidden; padding: 0px; position: absolute; white-space: nowrap; width: 1px;"
        />
      </span>
    </div>
  </li>
</div>
`;
