// Vitest Snapshot v1, https://vitest.dev/guide/snapshot.html

exports[`<MenuButton /> > should work 1`] = `
<div>
  <button
    aria-expanded="false"
    aria-haspopup="true"
    aria-label="Menu"
    class="MuiButtonBase-root css-1aijl4j-MuiButtonBase-root"
    id="MenuButton"
    largebutton="1"
    tabindex="0"
    type="button"
  >
    <svg
      aria-hidden="true"
      class="MuiSvgIcon-root MuiSvgIcon-fontSizeMedium css-zst572-MuiSvgIcon-root"
      data-testid="MenuIcon"
      focusable="false"
      viewBox="0 0 24 24"
    >
      <path
        d="M3 18h18v-2H3zm0-5h18v-2H3zm0-7v2h18V6z"
      />
    </svg>
    <p
      class="MuiTypography-root MuiTypography-body2 css-11e98m3-MuiTypography-root"
    >
      Menu
    </p>
  </button>
</div>
`;
