// Jest Snapshot v1, https://goo.gl/fbAQLP

exports[`<ResultItem /> should work 1`] = `
<div>
  <li
    aria-disabled="false"
    class="MuiButtonBase-root MuiListItem-root ResultItem-listItem-2 MuiListItem-gutters MuiListItem-button"
    role="link"
    tabindex="0"
  >
    <div
      class="ResultItem-itemTextContainer-9  "
    >
      <div
        class="ResultItem-topRow-11"
      >
        <p
          class="MuiTypography-root ResultItem-title-7 ResultItem-srOnly MuiTypography-srOnly"
        >
          
    Title text 
    Subtitle text 
    100 metrin päässä 
    Bottom text 
    
  
        </p>
        <p
          aria-hidden="true"
          class="MuiTypography-root ResultItem-title-7    ResultItem-title MuiTypography-body2"
          role="textbox"
        >
          Title text
        </p>
        <div
          class="ResultItem-rightColumn-14"
        >
          <p
            aria-hidden="true"
            class="MuiTypography-root ResultItem-caption-15 ResultItem-text-16 ResultItem-marginLeft-13  ResultItem-distance MuiTypography-caption"
          >
            100m
          </p>
        </div>
      </div>
      <div>
        <div>
          <p
            aria-hidden="true"
            class="MuiTypography-root ResultItem-noMargin-8 ResultItem-text-16  ResultItem-subtitle MuiTypography-caption"
          >
            Subtitle text
          </p>
        </div>
        <div
          class="ResultItem-bottomContainer-5 "
        >
          <p
            aria-hidden="true"
            class="MuiTypography-root   ResultItem-bottom MuiTypography-caption MuiTypography-colorInherit"
          >
            Bottom text
          </p>
        </div>
      </div>
    </div>
  </li>
  <li
    aria-hidden="true"
  >
    <hr
      class="MuiDivider-root ResultItem-divider-17"
    />
  </li>
</div>
`;
