// Jest Snapshot v1, https://goo.gl/fbAQLP

exports[`<ResultItem /> should work 1`] = `
<div>
  <li
    class="MuiButtonBase-root MuiListItem-root MuiListItem-gutters MuiListItem-padding MuiListItem-button ResultItem-listItem-2 css-16e6fe9-MuiButtonBase-root-MuiListItem-root"
    role="link"
    tabindex="0"
  >
    <div
      class="ResultItem-itemTextContainer-9  "
    >
      <div
        class="ResultItem-topRow-11"
      >
        <p
          class="MuiTypography-root MuiTypography-body2 ResultItem-title-7 ResultItem-srOnly css-1ak20dk-MuiTypography-root"
          style="border: 0px; height: 1px; margin: -1px; overflow: hidden; padding: 0px; position: absolute; white-space: nowrap; width: 1px;"
        >
          
    Title text 
    Subtitle text 
    100 metrin päässä 
    Bottom text 
    
  
        </p>
        <p
          aria-hidden="true"
          class="MuiTypography-root MuiTypography-body2 ResultItem-title-7    ResultItem-title css-1ak20dk-MuiTypography-root"
          role="textbox"
        >
          Title text
        </p>
        <div
          class="ResultItem-rightColumn-14"
        >
          <p
            aria-hidden="true"
            class="MuiTypography-root MuiTypography-caption ResultItem-caption-15 ResultItem-text-16 ResultItem-marginLeft-13  ResultItem-distance css-r3hlsg-MuiTypography-root"
          >
            100m
          </p>
        </div>
      </div>
      <div>
        <div>
          <p
            aria-hidden="true"
            class="MuiTypography-root MuiTypography-caption ResultItem-noMargin-8 ResultItem-text-16  ResultItem-subtitle css-r3hlsg-MuiTypography-root"
          >
            Subtitle text
          </p>
        </div>
        <div
          class="ResultItem-bottomContainer-5 "
        >
          <p
            aria-hidden="true"
            class="MuiTypography-root MuiTypography-caption   ResultItem-bottom css-o763o0-MuiTypography-root"
          >
            Bottom text
          </p>
        </div>
      </div>
    </div>
  </li>
  <li
    aria-hidden="true"
  >
    <hr
      class="MuiDivider-root MuiDivider-fullWidth ResultItem-divider-17 css-9mgopn-MuiDivider-root"
    />
  </li>
</div>
`;
