// Jest Snapshot v1, https://goo.gl/fbAQLP

exports[`<ResultItem /> should work 1`] = `
<div>
  <li
    class="MuiButtonBase-root MuiListItemButton-root MuiListItemButton-gutters MuiListItemButton-root MuiListItemButton-gutters css-oga50u-MuiButtonBase-root-MuiListItemButton-root"
    data-sm="ResultItemComponent"
    role="link"
    tabindex="0"
  >
    <div
      class="css-188n6a2"
    >
      <div
        class="css-1ufrzn0"
        data-sm="ResultItemTopRow"
      >
        <p
          class="MuiTypography-root MuiTypography-body2 ResultItem-srOnly ResultItem-title css-8goqxi-MuiTypography-root"
          style="border: 0px; height: 1px; margin: -1px; overflow: hidden; padding: 0px; position: absolute; white-space: nowrap; width: 1px;"
        >
          
    Title text 
    Subtitle text 
    100 metrin päässä 
    Bottom text 
    
  
        </p>
        <p
          aria-hidden="true"
          class="MuiTypography-root MuiTypography-body2 ResultItem-title css-8goqxi-MuiTypography-root"
          data-sm="ResultItemTitle"
          role="textbox"
          simpleitem="0"
        >
          Title text
        </p>
        <div
          class="css-s2uf1z"
          data-sm="ResultItemRightColumn"
        >
          <p
            aria-hidden="true"
            caption="true"
            class="MuiTypography-root MuiTypography-caption ResultItem-distance css-7gz89o-MuiTypography-root"
            marginleft="true"
          >
            100m
          </p>
        </div>
      </div>
      <div>
        <div>
          <p
            aria-hidden="true"
            class="MuiTypography-root MuiTypography-caption ResultItem-subtitle css-1jo8v13-MuiTypography-root"
            hidemargin="true"
          >
            Subtitle text
          </p>
        </div>
        <div
          class="css-gyh1zk"
        >
          <p
            aria-hidden="true"
            class="MuiTypography-root MuiTypography-caption ResultItem-bottom css-kchuw9-MuiTypography-root"
          >
            Bottom text
          </p>
        </div>
      </div>
    </div>
  </li>
  <li
    aria-hidden="true"
  >
    <hr
      class="MuiDivider-root MuiDivider-fullWidth css-14n1p8h-MuiDivider-root"
      simpleitem="0"
    />
  </li>
</div>
`;
