// Jest Snapshot v1, https://goo.gl/fbAQLP

exports[`<ServiceMapButton /> should work 1`] = `
<div>
  <button
    class="MuiButtonBase-root SMButton SMButton-button-1  SMButton-marginRight-4  SMButton-default-7 css-fvdnvy-MuiButtonBase-root"
    role="button"
    tabindex="0"
    type="button"
    variant="contained"
  >
    Test
  </button>
</div>
`;
